// Jest Snapshot v1, https://goo.gl/fbAQLP

exports[`loadStories should error when all files fail 1`] = `"No files were loaded, see log for more information."`;

exports[`loadStories should log warning when errors and loads happen 1`] = `
Array [
  Array [
    "Loaded 1 of 2 files with 1 errors. See above for errored files.",
  ],
]
`;
